[grsmuche.vh109.hosterby.com/index.html]
[backblue.gif]
[fade.gif]
[index.html]
[www.google-analytics.com/analytics.js]
[ccweb.imgix.net/https_/www.classcentral.com/images/best-courses/mini-banner-best-of-all-time3e68.png]
[ccweb.imgix.net/https_/www.classcentral.com/images/best-courses/mini-banner-most-popular-of-all-time0931.png]
[ccweb.imgix.net/https_/www.classcentral.com/images/collections/collection-ivy-league-moocs-social5b92.jpg]
[ccweb.imgix.net/https_/www.classcentral.com/images/collections/collection-coursera-free-coursesd038.png]
[ccweb.imgix.net/https_/www.classcentral.com/images/collections/collection-free-certificates7462.png]
[ccweb.imgix.net/https_/www.classcentral.com/images/collections/collection-google-certsa0be.png]
[ccweb.imgix.net/https_/www.classcentral.com/report/wp-content/uploads/2023/01/2022-year-in-review-bannera34a.png]
[ccweb.imgix.net/https_/www.classcentral.com/images/lists/list-empty6407.png]
[ccweb.imgix.net/https_/www.classcentral.com/images/illustrations/learning-illustration-holi5b4a.png]
[ccweb.imgix.net/https_/www.classcentral.com/images/icon-free-certificates2134.png]
[ccweb.imgix.net/https_/www.classcentral.com/images/icon-ivy-league1211.png]
[ccweb.imgix.net/https_/www.classcentral.com/images/logos/institutions/stanford-trn-sq1e53.png]
[ccweb.imgix.net/https_/www.classcentral.com/images/icon-best-all-time328c.png]
[ccweb.imgix.net/https_/www.classcentral.com/images/icon-cs7f07.png]
[ccweb.imgix.net/https_/www.classcentral.com/images/icon-sustainability4cb4.png]
[ccweb.imgix.net/https_/www.classcentral.com/images/logos/institutions/mit-trn-sqff9a.png]
[ccweb.imgix.net/https_/www.classcentral.com/images/logos/institutions/google-trn-sq93c4.png]
[ccweb.imgix.net/https_/www.classcentral.com/images/logos/institutions/amazon-trn-sq46ae.png]
[ccweb.imgix.net/https_/www.classcentral.com/images/icon-business19a3.png]
[ccweb.imgix.net/https_/www.classcentral.com/images/illustrations/homepage-discover-012111.png]
[ccweb.imgix.net/https_/www.classcentral.com/images/logos/homepage/harvard12fb.png]
[ccweb.imgix.net/https_/www.classcentral.com/images/logos/homepage/stanford692f.png]
[ccweb.imgix.net/https_/www.classcentral.com/images/logos/homepage/iit-kharagpur3e7e.png]
[ccweb.imgix.net/https_/www.classcentral.com/images/logos/homepage/mit6803.png]
[ccweb.imgix.net/https_/www.classcentral.com/images/logos/homepage/ricecc22.png]
[ccweb.imgix.net/https_/www.classcentral.com/images/logos/homepage/iitm3280.png]
[ccweb.imgix.net/https_/www.classcentral.com/images/logos/homepage/columbia3755.png]
[ccweb.imgix.net/https_/www.classcentral.com/images/logos/homepage/cornell9c0f.png]
[ccweb.imgix.net/https_/www.classcentral.com/images/logos/homepage/edinburgh3216.png]
[ccweb.imgix.net/https_/www.classcentral.com/images/logos/homepage/purdue39cf.png]
[ccweb.imgix.net/https_/www.classcentral.com/images/logos/homepage/penn0cdc.png]
[ccweb.imgix.net/https_/www.classcentral.com/images/logos/homepage/dukebf93.png]
[ccweb.imgix.net/https_/www.classcentral.com/images/logos/homepage/umich1bfb.png]
[ccweb.imgix.net/https_/www.classcentral.com/images/logos/providers/coursera-trn-sqf873.png]
[ccweb.imgix.net/https_/www.classcentral.com/images/logos/providers/edx-trn-sqe227.png]
[ccweb.imgix.net/https_/www.classcentral.com/images/logos/providers/futurelearn-trn-sqc75e.png]
[ccweb.imgix.net/https_/www.classcentral.com/images/logos/providers/udemy-trn-sq6b36.png]
[ccweb.imgix.net/https_/www.classcentral.com/images/logos/providers/swayam-trn-sq20ea.png]
[ccweb.imgix.net/https_/www.classcentral.com/images/logos/providers/linkedin-learning-trn-sq8c39.png]
[ccweb.imgix.net/https_/www.classcentral.com/images/logos/providers/skillshare-trn-sq9645.png]
[ccweb.imgix.net/https_/www.classcentral.com/images/logos/homepage/googlec927.png]
[ccweb.imgix.net/https_/www.classcentral.com/images/logos/homepage/amazonbfc4.png]
[ccweb.imgix.net/https_/www.classcentral.com/images/logos/homepage/microsofte4df.png]
[ccweb.imgix.net/https_/www.classcentral.com/images/logos/homepage/ibmb3ff.png]
[ccweb.imgix.net/https_/www.classcentral.com/images/logos/homepage/smithsonian8661.png]
[ccweb.imgix.net/https_/www.classcentral.com/images/logos/homepage/united-nationsa2cd.png]
[ccweb.imgix.net/https_/www.classcentral.com/images/logos/homepage/british-council9165.png]
[ccweb.imgix.net/https_/www.classcentral.com/images/best-courses/mini-banner-best-of-all-time5fef.png]
[ccweb.imgix.net/https_/www.classcentral.com/images/best-courses/mini-banner-best-of-20226fc4.png]
[ccweb.imgix.net/https_/www.classcentral.com/report/wp-content/uploads/2020/08/patrick-robert-doyle-OvXht_wi5Ew-unsplashae82.jpg]
[ccweb.imgix.net/https_/www.classcentral.com/report/wp-content/uploads/2023/02/Digital-Art-BCG-Bannere69e.png]
[ccweb.imgix.net/https_/www.classcentral.com/report/wp-content/uploads/2023/02/Elm-BCG-Banner7374.png]
[ccweb.imgix.net/https_/www.classcentral.com/report/wp-content/uploads/2023/02/Resume-Writing-BCG-Bannera1ce.png]
[ccweb.imgix.net/https_/www.classcentral.com/report/wp-content/uploads/2023/02/OCaml-BCG-Banner74c2.png]
[ccweb.imgix.net/https_/www.classcentral.com/report/wp-content/uploads/2023/02/DaVinci-Resolve-BCG-Bannera890.png]
[ccweb.imgix.net/https_/www.classcentral.com/images/collections/collections-udemy-top-coursesb42d.png]
[ccweb.imgix.net/https_/www.classcentral.com/images/collections/collection-india-ugc-approved-online-degrees058b.png]
[ccweb.imgix.net/https_/www.classcentral.com/images/collections/collection-earn-a-masters-degree-sociald381.png]
[ccweb.imgix.net/https_/www.classcentral.com/images/collections/collection-microcredentials-social5dfd.png]
[ccweb.imgix.net/https_/www.classcentral.com/images/collections/collection-ivy-league-moocs-sociale573.jpg]
[ccweb.imgix.net/https_/www.classcentral.com/images/collections/collection-most-popular-all-time-social1b82.png]
[in.getclicky.com/100717250ns.gif]
[www.gstatic.com/images/branding/product/1x/translate_24dp.png]
[grsmuche.vh109.hosterby.com/index.html]
